../Drivers/SYSTEM/usart/usart.c:58:5:_ttywrch	16	static
../Drivers/SYSTEM/usart/usart.c:65:6:_sys_exit	16	static
../Drivers/SYSTEM/usart/usart.c:70:7:_sys_command_string	16	static
C:\ST\STM32CubeIDE_1.12.1\STM32CubeIDE\plugins\com.st.stm32cube.ide.mcu.externaltools.gnu-tools-for-stm32.11.3.rel1.win32_1.1.0.202305231506\tools\bin/../lib/gcc/arm-none-eabi/11.3.1/../../../../arm-none-eabi/include/stdio.h:224:5:fputc	16	static
../Drivers/SYSTEM/usart/usart.c:113:6:usart_init	16	static
../Drivers/SYSTEM/usart/usart.c:135:6:HAL_UART_MspInit	48	static
../Drivers/SYSTEM/usart/usart.c:167:6:HAL_UART_RxCpltCallback	16	static
../Drivers/SYSTEM/usart/usart.c:211:6:USART1_IRQHandler	8	static
