../Drivers/STM32F4xx_HAL_Driver/Src/stm32f4xx_hal_nand.c:176:20:HAL_NAND_Init	24	static
../Drivers/STM32F4xx_HAL_Driver/Src/stm32f4xx_hal_nand.c:228:19:HAL_NAND_DeInit	16	static
../Drivers/STM32F4xx_HAL_Driver/Src/stm32f4xx_hal_nand.c:261:13:HAL_NAND_MspInit	16	static
../Drivers/STM32F4xx_HAL_Driver/Src/stm32f4xx_hal_nand.c:276:13:HAL_NAND_MspDeInit	16	static
../Drivers/STM32F4xx_HAL_Driver/Src/stm32f4xx_hal_nand.c:292:6:HAL_NAND_IRQHandler	16	static
../Drivers/STM32F4xx_HAL_Driver/Src/stm32f4xx_hal_nand.c:357:13:HAL_NAND_ITCallback	16	static
../Drivers/STM32F4xx_HAL_Driver/Src/stm32f4xx_hal_nand.c:392:19:HAL_NAND_Read_ID	32	static
../Drivers/STM32F4xx_HAL_Driver/Src/stm32f4xx_hal_nand.c:466:19:HAL_NAND_Reset	24	static
../Drivers/STM32F4xx_HAL_Driver/Src/stm32f4xx_hal_nand.c:513:20:HAL_NAND_ConfigDevice	16	static
../Drivers/STM32F4xx_HAL_Driver/Src/stm32f4xx_hal_nand.c:535:19:HAL_NAND_Read_Page_8b	48	static,ignoring_inline_asm
../Drivers/STM32F4xx_HAL_Driver/Src/stm32f4xx_hal_nand.c:667:19:HAL_NAND_Read_Page_16b	48	static,ignoring_inline_asm
../Drivers/STM32F4xx_HAL_Driver/Src/stm32f4xx_hal_nand.c:813:19:HAL_NAND_Write_Page_8b	48	static,ignoring_inline_asm
../Drivers/STM32F4xx_HAL_Driver/Src/stm32f4xx_hal_nand.c:942:19:HAL_NAND_Write_Page_16b	48	static,ignoring_inline_asm
../Drivers/STM32F4xx_HAL_Driver/Src/stm32f4xx_hal_nand.c:1084:19:HAL_NAND_Read_SpareArea_8b	56	static
../Drivers/STM32F4xx_HAL_Driver/Src/stm32f4xx_hal_nand.c:1220:19:HAL_NAND_Read_SpareArea_16b	56	static
../Drivers/STM32F4xx_HAL_Driver/Src/stm32f4xx_hal_nand.c:1356:19:HAL_NAND_Write_SpareArea_8b	56	static
../Drivers/STM32F4xx_HAL_Driver/Src/stm32f4xx_hal_nand.c:1488:19:HAL_NAND_Write_SpareArea_16b	56	static
../Drivers/STM32F4xx_HAL_Driver/Src/stm32f4xx_hal_nand.c:1618:19:HAL_NAND_Erase_Block	24	static
../Drivers/STM32F4xx_HAL_Driver/Src/stm32f4xx_hal_nand.c:1684:10:HAL_NAND_Read_Status	24	static
../Drivers/STM32F4xx_HAL_Driver/Src/stm32f4xx_hal_nand.c:1727:10:HAL_NAND_Address_Inc	24	static
../Drivers/STM32F4xx_HAL_Driver/Src/stm32f4xx_hal_nand.c:1917:20:HAL_NAND_ECC_Enable	16	static
../Drivers/STM32F4xx_HAL_Driver/Src/stm32f4xx_hal_nand.c:1943:20:HAL_NAND_ECC_Disable	16	static
../Drivers/STM32F4xx_HAL_Driver/Src/stm32f4xx_hal_nand.c:1971:20:HAL_NAND_GetECC	32	static
../Drivers/STM32F4xx_HAL_Driver/Src/stm32f4xx_hal_nand.c:2019:23:HAL_NAND_GetState	16	static
