../Drivers/STM32F4xx_HAL_Driver/Src/stm32f4xx_hal_smartcard.c:299:19:HAL_SMARTCARD_Init	16	static
../Drivers/STM32F4xx_HAL_Driver/Src/stm32f4xx_hal_smartcard.c:378:19:HAL_SMARTCARD_DeInit	16	static
../Drivers/STM32F4xx_HAL_Driver/Src/stm32f4xx_hal_smartcard.c:422:13:HAL_SMARTCARD_MspInit	16	static
../Drivers/STM32F4xx_HAL_Driver/Src/stm32f4xx_hal_smartcard.c:438:13:HAL_SMARTCARD_MspDeInit	16	static
../Drivers/STM32F4xx_HAL_Driver/Src/stm32f4xx_hal_smartcard.c:759:19:HAL_SMARTCARD_Transmit	40	static
../Drivers/STM32F4xx_HAL_Driver/Src/stm32f4xx_hal_smartcard.c:821:19:HAL_SMARTCARD_Receive	40	static
../Drivers/STM32F4xx_HAL_Driver/Src/stm32f4xx_hal_smartcard.c:879:19:HAL_SMARTCARD_Transmit_IT	24	static
../Drivers/STM32F4xx_HAL_Driver/Src/stm32f4xx_hal_smartcard.c:927:19:HAL_SMARTCARD_Receive_IT	24	static
../Drivers/STM32F4xx_HAL_Driver/Src/stm32f4xx_hal_smartcard.c:972:19:HAL_SMARTCARD_Transmit_DMA	32	static
../Drivers/STM32F4xx_HAL_Driver/Src/stm32f4xx_hal_smartcard.c:1034:19:HAL_SMARTCARD_Receive_DMA	32	static
../Drivers/STM32F4xx_HAL_Driver/Src/stm32f4xx_hal_smartcard.c:1104:19:HAL_SMARTCARD_Abort	16	static
../Drivers/STM32F4xx_HAL_Driver/Src/stm32f4xx_hal_smartcard.c:1168:19:HAL_SMARTCARD_AbortTransmit	16	static
../Drivers/STM32F4xx_HAL_Driver/Src/stm32f4xx_hal_smartcard.c:1210:19:HAL_SMARTCARD_AbortReceive	16	static
../Drivers/STM32F4xx_HAL_Driver/Src/stm32f4xx_hal_smartcard.c:1255:19:HAL_SMARTCARD_Abort_IT	24	static
../Drivers/STM32F4xx_HAL_Driver/Src/stm32f4xx_hal_smartcard.c:1382:19:HAL_SMARTCARD_AbortTransmit_IT	16	static
../Drivers/STM32F4xx_HAL_Driver/Src/stm32f4xx_hal_smartcard.c:1459:19:HAL_SMARTCARD_AbortReceive_IT	16	static
../Drivers/STM32F4xx_HAL_Driver/Src/stm32f4xx_hal_smartcard.c:1529:6:HAL_SMARTCARD_IRQHandler	40	static
../Drivers/STM32F4xx_HAL_Driver/Src/stm32f4xx_hal_smartcard.c:1671:13:HAL_SMARTCARD_TxCpltCallback	16	static
../Drivers/STM32F4xx_HAL_Driver/Src/stm32f4xx_hal_smartcard.c:1687:13:HAL_SMARTCARD_RxCpltCallback	16	static
../Drivers/STM32F4xx_HAL_Driver/Src/stm32f4xx_hal_smartcard.c:1703:13:HAL_SMARTCARD_ErrorCallback	16	static
../Drivers/STM32F4xx_HAL_Driver/Src/stm32f4xx_hal_smartcard.c:1718:13:HAL_SMARTCARD_AbortCpltCallback	16	static
../Drivers/STM32F4xx_HAL_Driver/Src/stm32f4xx_hal_smartcard.c:1733:13:HAL_SMARTCARD_AbortTransmitCpltCallback	16	static
../Drivers/STM32F4xx_HAL_Driver/Src/stm32f4xx_hal_smartcard.c:1748:13:HAL_SMARTCARD_AbortReceiveCpltCallback	16	static
../Drivers/STM32F4xx_HAL_Driver/Src/stm32f4xx_hal_smartcard.c:1783:28:HAL_SMARTCARD_GetState	24	static
../Drivers/STM32F4xx_HAL_Driver/Src/stm32f4xx_hal_smartcard.c:1798:10:HAL_SMARTCARD_GetError	16	static
../Drivers/STM32F4xx_HAL_Driver/Src/stm32f4xx_hal_smartcard.c:1840:13:SMARTCARD_DMATransmitCplt	24	static
../Drivers/STM32F4xx_HAL_Driver/Src/stm32f4xx_hal_smartcard.c:1860:13:SMARTCARD_DMAReceiveCplt	24	static
../Drivers/STM32F4xx_HAL_Driver/Src/stm32f4xx_hal_smartcard.c:1892:13:SMARTCARD_DMAError	24	static
../Drivers/STM32F4xx_HAL_Driver/Src/stm32f4xx_hal_smartcard.c:1933:26:SMARTCARD_WaitOnFlagUntilTimeout	24	static
../Drivers/STM32F4xx_HAL_Driver/Src/stm32f4xx_hal_smartcard.c:1966:13:SMARTCARD_EndTxTransfer	16	static
../Drivers/STM32F4xx_HAL_Driver/Src/stm32f4xx_hal_smartcard.c:1982:13:SMARTCARD_EndRxTransfer	16	static
../Drivers/STM32F4xx_HAL_Driver/Src/stm32f4xx_hal_smartcard.c:1998:26:SMARTCARD_Transmit_IT	16	static
../Drivers/STM32F4xx_HAL_Driver/Src/stm32f4xx_hal_smartcard.c:2030:26:SMARTCARD_EndTransmit_IT	16	static
../Drivers/STM32F4xx_HAL_Driver/Src/stm32f4xx_hal_smartcard.c:2058:26:SMARTCARD_Receive_IT	16	static
../Drivers/STM32F4xx_HAL_Driver/Src/stm32f4xx_hal_smartcard.c:2104:13:SMARTCARD_DMAAbortOnError	24	static
../Drivers/STM32F4xx_HAL_Driver/Src/stm32f4xx_hal_smartcard.c:2127:13:SMARTCARD_DMATxAbortCallback	24	static
../Drivers/STM32F4xx_HAL_Driver/Src/stm32f4xx_hal_smartcard.c:2170:13:SMARTCARD_DMARxAbortCallback	24	static
../Drivers/STM32F4xx_HAL_Driver/Src/stm32f4xx_hal_smartcard.c:2213:13:SMARTCARD_DMATxOnlyAbortCallback	24	static
../Drivers/STM32F4xx_HAL_Driver/Src/stm32f4xx_hal_smartcard.c:2239:13:SMARTCARD_DMARxOnlyAbortCallback	24	static
../Drivers/STM32F4xx_HAL_Driver/Src/stm32f4xx_hal_smartcard.c:2263:13:SMARTCARD_SetConfig	264	static
