../Drivers/STM32F4xx_HAL_Driver/Src/stm32f4xx_hal_pccard.c:164:19:HAL_PCCARD_Init	24	static
../Drivers/STM32F4xx_HAL_Driver/Src/stm32f4xx_hal_pccard.c:222:20:HAL_PCCARD_DeInit	16	static
../Drivers/STM32F4xx_HAL_Driver/Src/stm32f4xx_hal_pccard.c:255:13:HAL_PCCARD_MspInit	16	static
../Drivers/STM32F4xx_HAL_Driver/Src/stm32f4xx_hal_pccard.c:270:13:HAL_PCCARD_MspDeInit	16	static
../Drivers/STM32F4xx_HAL_Driver/Src/stm32f4xx_hal_pccard.c:306:19:HAL_PCCARD_Read_ID	40	static
../Drivers/STM32F4xx_HAL_Driver/Src/stm32f4xx_hal_pccard.c:369:19:HAL_PCCARD_Read_Sector	40	static
../Drivers/STM32F4xx_HAL_Driver/Src/stm32f4xx_hal_pccard.c:445:19:HAL_PCCARD_Write_Sector	40	static
../Drivers/STM32F4xx_HAL_Driver/Src/stm32f4xx_hal_pccard.c:518:20:HAL_PCCARD_Erase_Sector	32	static
../Drivers/STM32F4xx_HAL_Driver/Src/stm32f4xx_hal_pccard.c:575:19:HAL_PCCARD_Reset	16	static
../Drivers/STM32F4xx_HAL_Driver/Src/stm32f4xx_hal_pccard.c:613:6:HAL_PCCARD_IRQHandler	16	static
../Drivers/STM32F4xx_HAL_Driver/Src/stm32f4xx_hal_pccard.c:678:13:HAL_PCCARD_ITCallback	16	static
../Drivers/STM32F4xx_HAL_Driver/Src/stm32f4xx_hal_pccard.c:848:25:HAL_PCCARD_GetState	16	static
../Drivers/STM32F4xx_HAL_Driver/Src/stm32f4xx_hal_pccard.c:862:26:HAL_PCCARD_GetStatus	24	static
../Drivers/STM32F4xx_HAL_Driver/Src/stm32f4xx_hal_pccard.c:898:26:HAL_PCCARD_ReadStatus	24	static
